Microchip MPLAB XC8 Compiler V2.46

Linker command line:

--edf=C:\Program Files\Microchip\xc8\v2.46\pic\dat\20240104201356_en.msgs \
  -cn -h+dist/default/debug\led.X.debug.sym \
  --cmf=dist/default/debug\led.X.debug.cmf -z -Q18F4580 \
  -oC:\Users\kk05\AppData\Local\Temp\xcAs5a0.\driver_tmp_3.o \
  --defsym=__MPLAB_BUILD=1 --fixupoverflow=error \
  -Mdist/default/debug/led.X.debug.map \
  --md=C:\Users\kk05\AppData\Local\Temp\xcAs5a0.\driver_tmp_0.dat -E1 \
  -ver=XC8 Compiler --acfsm=1493 -ACODE=00h-07D3Fh -ACONST=00h-07D3Fh \
  -ASMALLCONST=0600h-06FFhx119,07D00h-07D3Fh -AMEDIUMCONST=0600h-07D3Fh \
  -ACOMRAM=01h-05Fh -AABS1=00h-05EEh -ABIGRAM=01h-05EEh \
  -ARAM=060h-0FFh,0100h-01FFhx4,0500h-05EEh -ABANK0=060h-0FFh \
  -ABANK1=0100h-01FFh -ABANK2=0200h-02FFh -ABANK3=0300h-03FFh \
  -ABANK4=0400h-04FFh -ABANK5=0500h-05EEh \
  -ASFR=0D00h-0DFFhx2,0F00h-0F5Fh,0F60h-0F9Bh,0F9Dh-0FD3h,0FD5h-0FDAh,0FE0h-0FE2h,0FE8h-0FEAh,0FF0h-0FFBh \
  -ABIGSFR=0D00h-0F9Bh,0F9Dh-0FD3h,0FD5h-0FDAh,0FE0h-0FE2h,0FE8h-0FEAh,0FF0h-0FFBh \
  -ACONFIG=0300000h-030000Dh -AIDLOC=0200000h-0200007h \
  -AEEDATA=0F00000h-0F000FFh -peeprom_data=EEDATA \
  -preset_vec=00h,intcode,sivt_hi,intcodelo,sivt_lo,powerup,init \
  -pramtop=0600h -psmallconst=SMALLCONST -pmediumconst=MEDIUMCONST \
  -pconst=CONST -AFARRAM=00h-00h \
  -prdata=COMRAM,nvrram=COMRAM,nvbit=COMRAM,rbss=COMRAM,rbit=COMRAM \
  -pfarbss=FARRAM,fardata=FARRAM,nvFARRAM=FARRAM \
  -pintsave_regs=BIGRAM,bigbss=BIGRAM,bigdata=BIGRAM -pbss=RAM \
  -pidata=CODE,irdata=CODE,ibigdata=CODE,ifardata=CODE -prparam=COMRAM \
  C:\Users\kk05\AppData\Local\Temp\xcAs5a0.\driver_tmp_9.o \
  dist/default/debug\led.X.debug.o 

Object code version is 3.11

Machine type is 18F4580



                Name                               Link     Load   Length Selector   Space Scale
C:\Users\kk05\AppData\Local\Temp\xcAs5a0.\driver_tmp_9.o
                idloc                            200000   200000        8        0       5
                config                           300000   300000        E        0       4
                init                                  2        2        4        0       0
                reset_vec                             0        0        2        0       0
dist/default/debug\led.X.debug.o
                idloc                            200000   200000        8        0       5
                config                           300000   300000        E        0       4
                smallconst                          600      600        2      300       0
                text4                               6A0      6A0       16      301       0
                text3                               684      684       1C      301       0
                text2                               602      602       52      301       0
                text1                               6B6      6B6       12      301       0
                text0                               654      654       30      301       0
                cstackCOMRAM                          1        1        4        1       1
                cinit                               6C8      6C8        6      301       0

TOTAL           Name                               Link     Load   Length     Space
        CLASS   CODE           
                init                                  2        2        4         0
                reset_vec                             0        0        2         0
                text4                               6A0      6A0       16         0
                text3                               684      684       1C         0
                text2                               602      602       52         0
                text1                               6B6      6B6       12         0
                text0                               654      654       30         0
                cinit                               6C8      6C8        6         0

        CLASS   CONST          

        CLASS   SMALLCONST     
                smallconst                          600      600        2         0

        CLASS   MEDIUMCONST    

        CLASS   COMRAM         
                cstackCOMRAM                          1        1        4         1

        CLASS   ABS1           

        CLASS   BIGRAM         

        CLASS   RAM            

        CLASS   BANK0          

        CLASS   BANK1          

        CLASS   BANK2          

        CLASS   BANK3          

        CLASS   BANK4          

        CLASS   BANK5          

        CLASS   SFR            

        CLASS   BIGSFR         

        CLASS   CONFIG         
                config                           300000   300000        E         4

        CLASS   IDLOC          
                idloc                            200000   200000        8         5

        CLASS   EEDATA         

        CLASS   FARRAM         

        CLASS   HEAP           

        CLASS   STACK          



SEGMENTS        Name                           Load    Length   Top    Selector   Space  Class

                reset_vec                      000000  000006  000006         0       0  CODE    
                cstackCOMRAM                   000001  000004  000005         1       1  COMRAM  
                smallconst                     000600  000002  000602       300       0  SMALLCON
                text2                          000602  0000CC  0006CE       301       0  CODE    


UNUSED ADDRESS RANGES

        Name                Unused          Largest block    Delta
        BANK0            000060-0000FF               A0
        BANK1            000100-0001FF              100
        BANK2            000200-0002FF              100
        BANK3            000300-0003FF              100
        BANK4            000400-0004FF              100
        BANK5            000500-0005EE               EF
        BIGRAM           000005-0005EE              5EA
        BIGSFR           000D00-000F9B              29C
                         000F9D-000FD3               37
                         000FD5-000FDA                6
                         000FE0-000FE2                3
                         000FE8-000FEA                3
                         000FF0-000FFB                C
        CODE             000006-0005FF              5FA
                         0006CE-007D3F             7672
        COMRAM           000005-00005F               5B
        CONST            000006-0005FF              5FA
                         0006CE-007D3F             7672
        EEDATA           F00000-F000FF              100
        MEDIUMCONST      0006CE-007D3F             7672
        RAM              000060-0005EE              100
        SFR              000D00-000F9B              100
                         000F9D-000FD3               37
                         000FD5-000FDA                6
                         000FE0-000FE2                3
                         000FE8-000FEA                3
                         000FF0-000FFB                C
        SMALLCONST       0006CE-007D3F              100

                                  Symbol Table

Send_Byte@uartdata       cstackCOMRAM 000001
_BAUDCONbits             (abs)        000FB8
_INTCONbits              (abs)        000FF2
_OSCCON                  (abs)        000FD3
_OSCCONbits              (abs)        000FD3
_OSCTUNEbits             (abs)        000F9B
_PIE1bits                (abs)        000F9D
_PORTA                   (abs)        000F80
_RCSTAbits               (abs)        000FAB
_SPBRG                   (abs)        000FAF
_Send_Byte               text4        0006A0
_TRISA                   (abs)        000F92
_TRISCbits               (abs)        000F94
_TRISD                   (abs)        000F95
_TXREG                   (abs)        000FAD
_TXSTA                   (abs)        000FAC
_TXSTAbits               (abs)        000FAC
_UART_Init               text3        000684
__HRAM                   (abs)        000000
__H__absolute__          __absolute__ 000000
__Habs1                  abs1         000000
__Hbank0                 bank0        000000
__Hbank1                 bank1        000000
__Hbank2                 bank2        000000
__Hbank3                 bank3        000000
__Hbank4                 bank4        000000
__Hbank5                 bank5        000000
__Hbigbss                bigbss       000000
__Hbigdata               bigdata      000000
__Hbigram                bigram       000000
__Hbigsfr                bigsfr       000000
__Hbss                   bss          000000
__Hcinit                 cinit        000000
__Hclrtext               clrtext      000000
__Hcomram                comram       000000
__Hconfig                config       30000E
__Hconst                 const        000000
__HcstackCOMRAM          cstackCOMRAM 000000
__Hdata                  data         000000
__Heeprom_data           eeprom_data  000000
__Hfarbss                farbss       000000
__Hfardata               fardata      000000
__Hheap                  heap         000000
__Hibigdata              ibigdata     000000
__Hidata                 idata        000000
__Hidloc                 idloc        200008
__Hifardata              ifardata     000000
__Hinit                  init         000006
__Hintcode               intcode      000002
__Hintcode_body          intcode_body 000000
__Hintcodelo             intcodelo    000002
__Hintentry              intentry     000000
__Hintret                intret       000000
__Hintsave_regs          intsave_regs 000000
__Hirdata                irdata       000000
__Hmediumconst           mediumconst  000000
__HnvFARRAM              nvFARRAM     000000
__Hnvbit                 nvbit        000000
__Hnvrram                nvrram       000000
__Hparam                 rparam       000000
__Hpowerup               powerup      000002
__Hram                   ram          000000
__Hramtop                ramtop       000600
__Hrbit                  rbit         000000
__Hrbss                  rbss         000000
__Hrdata                 rdata        000000
__Hreset_vec             reset_vec    000002
__Hrparam                rparam       000000
__Hsfr                   sfr          000000
__Hsivt_hi               sivt_hi      000002
__Hsivt_lo               sivt_lo      000002
__Hsmallconst            smallconst   000602
__Hspace_0               (abs)        0006CE
__Hspace_1               (abs)        000005
__Hspace_2               (abs)        000000
__Hspace_4               (abs)        60000E
__Hstack                 stack        000000
__Hstruct                struct       000000
__Htemp                  temp         000000
__Htext                  text         000000
__Htext0                 text0        000000
__Htext1                 text1        000000
__Htext2                 text2        000000
__Htext3                 text3        000000
__Htext4                 text4        000000
__LRAM                   (abs)        000001
__L__absolute__          __absolute__ 000000
__Labs1                  abs1         000000
__Lbank0                 bank0        000000
__Lbank1                 bank1        000000
__Lbank2                 bank2        000000
__Lbank3                 bank3        000000
__Lbank4                 bank4        000000
__Lbank5                 bank5        000000
__Lbigbss                bigbss       000000
__Lbigdata               bigdata      000000
__Lbigram                bigram       000000
__Lbigsfr                bigsfr       000000
__Lbss                   bss          000000
__Lcinit                 cinit        000000
__Lclrtext               clrtext      000000
__Lcomram                comram       000000
__Lconfig                config       000000
__Lconst                 const        000000
__LcstackCOMRAM          cstackCOMRAM 000000
__Ldata                  data         000000
__Leeprom_data           eeprom_data  000000
__Lfarbss                farbss       000000
__Lfardata               fardata      000000
__Lheap                  heap         000000
__Libigdata              ibigdata     000000
__Lidata                 idata        000000
__Lidloc                 idloc        000000
__Lifardata              ifardata     000000
__Linit                  init         000002
__Lintcode               intcode      000002
__Lintcode_body          intcode_body 000000
__Lintcodelo             intcodelo    000002
__Lintentry              intentry     000000
__Lintret                intret       000000
__Lintsave_regs          intsave_regs 000000
__Lirdata                irdata       000000
__Lmediumconst           mediumconst  000000
__LnvFARRAM              nvFARRAM     000000
__Lnvbit                 nvbit        000000
__Lnvrram                nvrram       000000
__Lparam                 rparam       000000
__Lpowerup               powerup      000002
__Lram                   ram          000000
__Lramtop                ramtop       000600
__Lrbit                  rbit         000000
__Lrbss                  rbss         000000
__Lrdata                 rdata        000000
__Lreset_vec             reset_vec    000000
__Lrparam                rparam       000000
__Lsfr                   sfr          000000
__Lsivt_hi               sivt_hi      000002
__Lsivt_lo               sivt_lo      000002
__Lsmallconst            smallconst   000600
__Lspace_0               (abs)        000000
__Lspace_1               (abs)        000000
__Lspace_2               (abs)        000000
__Lspace_4               (abs)        000000
__Lstack                 stack        000000
__Lstruct                struct       000000
__Ltemp                  temp         000000
__Ltext                  text         000000
__Ltext0                 text0        000000
__Ltext1                 text1        000000
__Ltext2                 text2        000000
__Ltext3                 text3        000000
__Ltext4                 text4        000000
__S0                     (abs)        0006CE
__S1                     (abs)        000005
__S4                     (abs)        000000
__S5                     (abs)        000000
___heap_hi               (abs)        000000
___heap_lo               (abs)        000000
___inthi_sp              stack        000000
___inthi_stack_hi        stack        000000
___inthi_stack_lo        stack        000000
___intlo_sp              stack        000000
___intlo_stack_hi        stack        000000
___intlo_stack_lo        stack        000000
___param_bank            (abs)        000000
___rparam_used           (abs)        000001
___sp                    stack        000000
___stack_hi              stack        000000
___stack_lo              stack        000000
__accesstop              (abs)        000060
__activetblptr           (abs)        000000
__end_of_Send_Byte       text4        0006B6
__end_of_UART_Init       text3        0006A0
__end_of__initialization cinit        0006C8
__end_of_delay           text2        000654
__end_of_main            text0        000684
__end_of_oscillator_init text1        0006C8
__initialization         cinit        0006C8
__mediumconst            mediumconst  000000
__pcinit                 cinit        0006C8
__pcstackCOMRAM          cstackCOMRAM 000001
__psmallconst            smallconst   000600
__ptext0                 text0        000654
__ptext1                 text1        0006B6
__ptext2                 text2        000602
__ptext3                 text3        000684
__ptext4                 text4        0006A0
__ramtop                 ramtop       000600
__smallconst             smallconst   000600
_delay                   text2        000602
_main                    text0        000654
_oscillator_init         text1        0006B6
delay@ddd                cstackCOMRAM 000001
delay@eee                cstackCOMRAM 000003
end_of_initialization    cinit        0006C8
intlevel0                text         000000
intlevel1                text         000000
intlevel2                text         000000
intlevel3                text         000000
isa$std                  (abs)        000001
isa$xinst                (abs)        000000
stackhi                  (abs)        000000
stacklo                  (abs)        000000
start                    init         000002
start_initialization     cinit        0006C8


MODULE INFORMATION

Module		Function		Class		Link	Load	Size
shared
		__initialization		CODE           	06C8	0000	1

shared estimated size: 1

led_main.c
		_oscillator_init		CODE           	06B6	0000	18
		_delay         		CODE           	0602	0000	82
		_UART_Init     		CODE           	0684	0000	28
		_main          		CODE           	0654	0000	48
		_Send_Byte     		CODE           	06A0	0000	22

led_main.c estimated size: 198

